################################################################################
#                                                                              #
#      IAR Universal Linker V6.5.4.100                                         #
#                                                                              #
#           Link time     =  06/Aug/2021  22:16:20                             #
#           Target CPU    =  MSP430                                            #
#           List file     =  "C:\Users\pabll\OneDrive\1 ENGENHARIA\1.EMBARCADO #
#                            S\6 MCUs e IDEs\Texas Instruments\MSP430\MSP430G2 #
#                            231\MSP430G2231_Workspace\Codes\1_Projeto_2_MSP43 #
#                            0G2231\Debug\List\1_Projeto_2_MSP430G2231.map"    #
#           Output file 1 =  "C:\Users\pabll\OneDrive\1 ENGENHARIA\1.EMBARCADO #
#                            S\6 MCUs e IDEs\Texas Instruments\MSP430\MSP430G2 #
#                            231\MSP430G2231_Workspace\Codes\1_Projeto_2_MSP43 #
#                            0G2231\Debug\Exe\1_Projeto_2_MSP430G2231.d43"     #
#                            Format: ubrof10                                   #
#                            UBROF version 10.0.6                              #
#                            Using library modules for C-SPY (-rt)             #
#           Command line  =  -f C:\Users\pabll\AppData\Local\Temp\EW4CB7.tmp   #
#                            ("C:\Users\pabll\OneDrive\1 ENGENHARIA\1.EMBARCAD #
#                            OS\6 MCUs e IDEs\Texas Instruments\MSP430\MSP430G #
#                            2231\MSP430G2231_Workspace\Codes\1_Projeto_2_MSP4 #
#                            30G2231\Debug\Obj\1_Projeto_2_MSP430G2231.r43"    #
#                            -o                                                #
#                            "C:\Users\pabll\OneDrive\1 ENGENHARIA\1.EMBARCADO #
#                            S\6 MCUs e IDEs\Texas Instruments\MSP430\MSP430G2 #
#                            231\MSP430G2231_Workspace\Codes\1_Projeto_2_MSP43 #
#                            0G2231\Debug\Exe\1_Projeto_2_MSP430G2231.d43"     #
#                            -l                                                #
#                            "C:\Users\pabll\OneDrive\1 ENGENHARIA\1.EMBARCADO #
#                            S\6 MCUs e IDEs\Texas Instruments\MSP430\MSP430G2 #
#                            231\MSP430G2231_Workspace\Codes\1_Projeto_2_MSP43 #
#                            0G2231\Debug\List\1_Projeto_2_MSP430G2231.map"    #
#                            -xms                                              #
#                            "-IC:\Program Files (x86)\IAR Systems\Embedded Wo #
#                            rkbench 8.4\430\LIB\"                             #
#                            -f                                                #
#                            "C:\Program Files (x86)\IAR Systems\Embedded Work #
#                            bench 8.4\430\config\linker\lnk430f149.xcl"       #
#                            (-cmsp430 -QCODE_I=CODE_ID -QTLS16_I=TLS16_ID     #
#                            -D__iar_HWMUL=130 -Z(CONST)INFO=1000-10FF         #
#                            -Z(CONST)INFOA=1080-10FF                          #
#                            -Z(CONST)INFOB=1000-107F                          #
#                            -Z(DATA)DATA16_I,DATA16_Z,DATA16_N,TLS16_I=0200-0 #
#                            9FF                                               #
#                            -Z(DATA)DATA16_HEAP+_DATA16_HEAP_SIZE             #
#                            -Z(DATA)CODE_I -Z(DATA)CSTACK+_STACK_SIZE#        #
#                            -Z(CONST)DATA16_C,DATA16_ID,TLS16_ID,DIFUNCT,CHEC #
#                            KSUM=1100-FFDF                                    #
#                            -Z(CODE)CSTART,ISR_CODE,CODE_ID=1100-FFDF         #
#                            -P(CODE)CODE=1100-FFDF -Z(CODE)INTVEC=FFE0-FFFF   #
#                            -Z(CODE)RESET=FFFE-FFFF) -f                       #
#                            "C:\Program Files (x86)\IAR Systems\Embedded Work #
#                            bench 8.4\430\config\linker\multiplier.xcl"       #
#                            (-e?Mul8Hw=?Mul8 -e?Mul16Hw=?Mul16                #
#                            -e?Mul16to32uHw=?Mul16to32u                       #
#                            -e?Mul16to32sHw=?Mul16to32s -e?Mul32Hw=?Mul32     #
#                            -e_Mul64iHw=_Mul64i                               #
#                            -e_Mul32u32uto64iHw=_Mul32u32uto64i               #
#                            -e?Mul32fHw=_Mul32f -e_Mul64fHwPtr=_Mul64fPtr)    #
#                            -D_STACK_SIZE=50 -rt -D_DATA16_HEAP_SIZE=50       #
#                            -D_DATA20_HEAP_SIZE=50)                           #
#                                                                              #
#                           Copyright (C) 1987-2018 IAR Systems AB.            #
################################################################################





                ****************************************
                *                                      *
                *           CROSS REFERENCE            *
                *                                      *
                ****************************************

                  There are no program entries.


                ****************************************
                *                                      *
                *    AUTOMATIC SYMBOL REDIRECTIONS     *
                *                                      *
                ****************************************

                  There are no automatic symbol redirections.



                ****************************************
                *                                      *
                *              MODULE MAP              *
                *                                      *
                ****************************************


  DEFINED ABSOLUTE ENTRIES
    *************************************************************************

  DEFINED ABSOLUTE ENTRIES
  PROGRAM MODULE, NAME : ?ABS_ENTRY_MOD

Absolute parts
           ENTRY                   ADDRESS         REF BY
           =====                   =======         ======
           _DATA20_HEAP_SIZE       0050 
           _DATA16_HEAP_SIZE       0050 
           _STACK_SIZE             0050 
           __iar_HWMUL             0130 
    *************************************************************************

  FILE NAME : C:\Users\pabll\OneDrive\1 ENGENHARIA\1.EMBARCADOS\6 MCUs e IDEs\Texas Instruments\MSP430\MSP430G2231\MSP430G2231_Workspace\Codes\1_Projeto_2_MSP430G2231\Debug\Obj\1_Projeto_2_MSP430G2231.r43
  PROGRAM MODULE, NAME : 1_Projeto_2_MSP430G2231

Absolute parts
     F800 - F823
     FFFE - FFFF
           LOCAL                   ADDRESS         
           =====                   =======         
           Simbora                 F800 
           StopWDT                 F804 
           SetupP1                 F80A 
           Main                    F810 
           testap1                 F816 
           Wait                    F81C 
           L1                      F81E 



                ****************************************
                *                                      *
                *      SEGMENTS IN ADDRESS ORDER       *
                *                                      *
                ****************************************


SEGMENT              SPACE    START ADDRESS   END ADDRESS     SIZE  TYPE  ALIGN
=======              =====    =============   ===========     ====  ====  =====
                                       F800 - F823              24  aseg  
                                       FFFE - FFFF               2  aseg  

                ****************************************
                *                                      *
                *        END OF CROSS REFERENCE        *
                *                                      *
                ****************************************

 0 bytes of CODE memory (+ 38 absolute )

Errors: none
Warnings: none

